uv run ruff check .
All checks passed!
uv run ruff format --check .
273 files already formatted
uv run pytest -q --ignore=tests/integration/test_phase1_services.py --ignore=tests/unit/test_leakage.py
........................................................................ [  2%]
........................................................................ [  4%]
........................................................................ [  6%]
........................................................................ [  9%]
........................................................................ [ 11%]
........................................................................ [ 13%]
........................................................................ [ 15%]
........................................................................ [ 18%]
........................................................................ [ 20%]
........................................................................ [ 22%]
........................................................................ [ 24%]
........................................................................ [ 27%]
........................................................................ [ 29%]
........................................................................ [ 31%]
........................................................................ [ 33%]
........................................................................ [ 36%]
........................................................................ [ 38%]
........................................................................ [ 40%]
........................................................................ [ 42%]
........................................................................ [ 45%]
........................................................................ [ 47%]
........................................................................ [ 49%]
........................................................................ [ 51%]
........................................................................ [ 54%]
........................................................................ [ 56%]
........................................................................ [ 58%]
........................................................................ [ 60%]
........................................................................ [ 63%]
........................................................................ [ 65%]
........................................................................ [ 67%]
........................................................................ [ 69%]
........................................................................ [ 72%]
........................................................................ [ 74%]
........................................................................ [ 76%]
........................................................................ [ 78%]
........................................................................ [ 81%]
........................................................................ [ 83%]
........................................................................ [ 85%]
........................................................................ [ 87%]
........................................................................ [ 90%]
........................................................................ [ 92%]
........................................................................ [ 94%]
........................................................................ [ 96%]
........................................................................ [ 99%]
........................                                                 [100%]
3192 passed in 5542.40s (1:32:22)
uv run pytest -q tests/integration/test_phase1_services.py
........................................................................ [ 77%]
.....................                                                    [100%]
93 passed in 12.09s
uv run pytest -q tests/unit/test_leakage.py
........................................................................ [ 33%]
........................................................................ [ 66%]
........................................................................ [100%]
216 passed in 246.28s (0:04:06)
uv run silent-cascade doctor
         Silent Cascade doctor          
┏━━━━━━━━━━━━━━━━━━━━━━━━━━┳━━━━━━━━━━━┓
┃ Check                    ┃ Result    ┃
┡━━━━━━━━━━━━━━━━━━━━━━━━━━╇━━━━━━━━━━━┩
│ Python 3.12              │ PASS      │
│ Torch CPU                │ PASS      │
│ MPS                      │ available │
│ MPS fallback disabled    │ PASS      │
│ RNG round trip           │ PASS      │
│ Flow/guard numeric smoke │ PASS      │
│ Writable paths           │ PASS      │
│ Overall                  │ PASS      │
└──────────────────────────┴───────────┘
uv build
