uv run ruff check .
All checks passed!
uv run ruff format --check .
272 files already formatted
uv run pytest -q --ignore=tests/integration/test_phase1_services.py --ignore=tests/unit/test_leakage.py
........................................................................ [  2%]
........................................................................ [  4%]
........................................................................ [  6%]
........................................................................ [  9%]
........................................................................ [ 11%]
........................................................................ [ 13%]
........................................................................ [ 15%]
........................................................................ [ 18%]
........................................................................ [ 20%]
........................................................................ [ 22%]
........................................................................ [ 24%]
........................................................................ [ 27%]
........................................................................ [ 29%]
........................................................................ [ 31%]
........................................................................ [ 34%]
........................................................................ [ 36%]
........................................................................ [ 38%]
........................................................................ [ 40%]
........................................................................ [ 43%]
........................................................................ [ 45%]
........................................................................ [ 47%]
........................................................................ [ 49%]
........................................................................ [ 52%]
........................................................................ [ 54%]
........................................................................ [ 56%]
........................................................................ [ 59%]
........................................................................ [ 61%]
........................................................................ [ 63%]
........................................................................ [ 65%]
........................................................................ [ 68%]
........................................................................ [ 70%]
........................................................................ [ 72%]
........................................................................ [ 74%]
........................................................................ [ 77%]
........................................................................ [ 79%]
........................................................................ [ 81%]
........................................................................ [ 84%]
........................................................................ [ 86%]
........................................................................ [ 88%]
........................................................................ [ 90%]
........................................................................ [ 93%]
........................................................................ [ 95%]
........................................................................ [ 97%]
........................................................................ [ 99%]
.                                                                        [100%]
3169 passed in 7452.20s (2:04:12)
uv run pytest -q tests/integration/test_phase1_services.py
........................................................................ [ 77%]
.....................                                                    [100%]
93 passed in 17.20s
uv run pytest -q tests/unit/test_leakage.py
........................................................................ [ 33%]
........................................................................ [ 66%]
........................................................................ [100%]
216 passed in 247.93s (0:04:07)
uv run silent-cascade doctor
         Silent Cascade doctor          
┏━━━━━━━━━━━━━━━━━━━━━━━━━━┳━━━━━━━━━━━┓
┃ Check                    ┃ Result    ┃
┡━━━━━━━━━━━━━━━━━━━━━━━━━━╇━━━━━━━━━━━┩
│ Python 3.12              │ PASS      │
│ Torch CPU                │ PASS      │
│ MPS                      │ available │
│ MPS fallback disabled    │ PASS      │
│ RNG round trip           │ PASS      │
│ Flow/guard numeric smoke │ PASS      │
│ Writable paths           │ PASS      │
│ Overall                  │ PASS      │
└──────────────────────────┴───────────┘
uv build
