.......................F................................................ [ 72%]
...........................                                              [100%]
=================================== FAILURES ===================================
______________ test_real_smoke_workflow_reuses_finished_artifacts ______________

tmp_path = PosixPath('/private/var/folders/q3/tm7kkng56417wgzydc4q8p8r0000gn/T/pytest-of-artemlegotin/pytest-1110/test_real_smoke_workflow_reuse0')

    def test_real_smoke_workflow_reuses_finished_artifacts(tmp_path):
        from .test_pilot_source import checkout
    
        root, execute = checkout(tmp_path / "repo")
>       execute(
            root,
            """
    import json
    import subprocess
    import sys
    from pathlib import Path
    from silent_cascade.train.pilot_workflow import run_pilot, _restore_result
    args = dict(config_path=Path('configs/train/pilot_smoke.yaml'),
                manifest_dir=Path('pilot-data'), run_dir=Path('runs/smoke'), device='cpu')
    try:
        run_pilot(**args)
    except ValueError as error:
        assert 'commit-data precondition' in str(error)
    else:
        raise AssertionError('unintroduced input fit')
    stages = ('one_hop', 'two_hop', 'primary', 'robustness')
    paths = [path for stage in stages for path in (
        f'pilot-data/{stage}.json', f'pilot-data/audits/{stage}/report.json')]
    subprocess.run(['git', 'add', *paths], check=True)
    subprocess.run(['git', 'commit', '-qm', 'introduce exact canonical debug inputs'], check=True)
    subprocess.run(['git', 'commit', '--allow-empty', '-qm', 'compatible training revision'],
                   check=True)
    completed = subprocess.run([sys.executable, 'scripts/run_pilot.py',
        '--config', 'configs/train/pilot_smoke.yaml', '--manifest-dir', 'pilot-data',
        '--run-dir', 'runs/smoke', '--device', 'cpu'], capture_output=True, text=True)
    assert completed.returncode == 0, completed.stdout + completed.stderr
    assert 'production learning gate=unmet' in completed.stdout
    from silent_cascade.report.pilot_artifacts import load_training_result
    first = _restore_result(load_training_result(
        Path('runs/smoke'), Path('runs/smoke/training-result.json')))
    assert first.progress.global_step == 4 and not first.gate_eligible
    before = {str(p): p.read_bytes() for p in Path('runs/smoke').rglob('*') if p.is_file()}
    second = run_pilot(**args)
    assert second == first
    after = {str(p): p.read_bytes() for p in Path('runs/smoke').rglob('*') if p.is_file()}
    assert before == after
    assert Path('runs/smoke/report/report.md').is_file()
    try:
        run_pilot(**(args | {'device': 'mps'}))
    except ValueError as error:
    assert 'new-run-path' in str(error)
    else:
        raise AssertionError('incompatible directory accepted')
    """,
            timeout=900,
        )

tests/pilot/test_pilot_workflow.py:47: 
_ _ _ _ _ _ _ _ _ _ _ _ _ _ _ _ _ _ _ _ _ _ _ _ _ _ _ _ _ _ _ _ _ _ _ _ _ _ _ _ 

root = PosixPath('/private/var/folders/q3/tm7kkng56417wgzydc4q8p8r0000gn/T/pytest-of-artemlegotin/pytest-1110/test_real_smoke_workflow_reuse0/repo')
program = "\nimport json\nimport subprocess\nimport sys\nfrom pathlib import Path\nfrom silent_cascade.train.pilot_workflow impo...r as error:\nassert 'new-run-path' in str(error)\nelse:\n    raise AssertionError('incompatible directory accepted')\n"

    def execute(root, program, *, timeout=180):
        completed = subprocess.run(
            [sys.executable, "-B", "-c", program],
            cwd=root,
            env={**os.environ, "PYTHONPATH": str(root / "src"), "OMP_NUM_THREADS": "1"},
            capture_output=True,
            text=True,
            timeout=timeout,
        )
>       assert completed.returncode == 0, completed.stdout + completed.stderr
E       AssertionError:   File "<string>", line 40
E           assert 'new-run-path' in str(error)
E           ^
E       IndentationError: expected an indented block after 'except' statement on line 39

tests/neural/test_phase3_provenance.py:63: AssertionError
=========================== short test summary info ============================
FAILED tests/pilot/test_pilot_workflow.py::test_real_smoke_workflow_reuses_finished_artifacts
1 failed, 98 passed in 756.95s (0:12:36)
